Test registro 2025-11-01 03:33:39